// Jest Snapshot v1, https://goo.gl/fbAQLP

exports[`test en <GifItem /> debe de hacer match con el snapshot 1`] = `
<div>
  <div
    class="card"
  >
    <img
      alt="google"
      src="https://www.google.com/"
    />
    <h5>
      google
    </h5>
  </div>
</div>
`;
